PASSED_COUNT=9
PASS:TC_09_Multiuser_check
PASS:TC05_MultipleSchedule_Timer
PASS:TC05_MultipleSchedule_Timer
PASS:TC08_Profilepage_check
PASS:TC_01_SignUpcheck
PASS:TC_06_SceneCreation
PASS:TC_02_SignIn_Check
PASS:TC_10_SwitchLock_notifications_check
PASS:TC03_SingUp_Create_hierarchy_Method
FAILED_COUNT=2
FAIL:TC04_RemoveSwitchBoardandRepair_Check
FAIL:TC_07_DeviceSettingspagecheck
SKIPPED_COUNT=3
SKIP:TC04_RemoveSwitchBoardandRepair_Check
SKIP:TC05_MultipleSchedule_Timer
SKIP:TC_07_DeviceSettingspagecheck
